[     163ms] [INFO] %cDownload the React DevTools for a better development experience: https://react.dev/link/react-devtools font-weight:bold @ http://localhost:3000/_next/static/chunks/00sk_next_dist_0auxod_._.js:776
[     185ms] [LOG] [HMR] connected @ http://localhost:3000/_next/static/chunks/00sk_next_dist_0auxod_._.js:776
[     637ms] [WARNING] THREE.Clock: This module has been deprecated. Please use THREE.Timer instead. @ http://localhost:3000/_next/static/chunks/00sk_next_dist_0auxod_._.js:776
[    1496ms] [LOG] THREE.WebGLRenderer: Context Lost. @ http://localhost:3000/_next/static/chunks/00sk_next_dist_0auxod_._.js:776
[  133987ms] [INFO] %cDownload the React DevTools for a better development experience: https://react.dev/link/react-devtools font-weight:bold @ http://localhost:3000/_next/static/chunks/00sk_next_dist_0auxod_._.js:776
[  134009ms] [LOG] [HMR] connected @ http://localhost:3000/_next/static/chunks/00sk_next_dist_0auxod_._.js:776
[  134473ms] [WARNING] THREE.Clock: This module has been deprecated. Please use THREE.Timer instead. @ http://localhost:3000/_next/static/chunks/00sk_next_dist_0auxod_._.js:776
[  135561ms] [LOG] THREE.WebGLRenderer: Context Lost. @ http://localhost:3000/_next/static/chunks/00sk_next_dist_0auxod_._.js:776
[  390480ms] [LOG] [Fast Refresh] rebuilding @ http://localhost:3000/_next/static/chunks/00sk_next_dist_0auxod_._.js:776
[  390584ms] [LOG] [Fast Refresh] done in 34ms @ http://localhost:3000/_next/static/chunks/00sk_next_dist_0auxod_._.js:776
[  390637ms] [LOG] [Fast Refresh] done in 34ms @ http://localhost:3000/_next/static/chunks/00sk_next_dist_0auxod_._.js:776
[  414975ms] [LOG] [Fast Refresh] rebuilding @ http://localhost:3000/_next/static/chunks/00sk_next_dist_0auxod_._.js:776
[  415064ms] [LOG] [Fast Refresh] done in 21ms @ http://localhost:3000/_next/static/chunks/00sk_next_dist_0auxod_._.js:776
[  415133ms] [LOG] [Fast Refresh] done in 21ms @ http://localhost:3000/_next/static/chunks/00sk_next_dist_0auxod_._.js:776
[  415241ms] [WARNING] THREE.Clock: This module has been deprecated. Please use THREE.Timer instead. @ http://localhost:3000/_next/static/chunks/00sk_next_dist_0auxod_._.js:776
[  433636ms] [LOG] [Fast Refresh] done in 21ms @ http://localhost:3000/_next/static/chunks/00sk_next_dist_0auxod_._.js:776
[  460022ms] [LOG] [Fast Refresh] rebuilding @ http://localhost:3000/_next/static/chunks/00sk_next_dist_0auxod_._.js:776
[  460139ms] [LOG] [Fast Refresh] done in 22ms @ http://localhost:3000/_next/static/chunks/00sk_next_dist_0auxod_._.js:776
[  460269ms] [WARNING] THREE.Clock: This module has been deprecated. Please use THREE.Timer instead. @ http://localhost:3000/_next/static/chunks/00sk_next_dist_0auxod_._.js:776
[  460574ms] [LOG] THREE.WebGLRenderer: Context Lost. @ http://localhost:3000/_next/static/chunks/00sk_next_dist_0auxod_._.js:776
[  487076ms] [LOG] [Fast Refresh] rebuilding @ http://localhost:3000/_next/static/chunks/00sk_next_dist_0auxod_._.js:776
[  487112ms] [LOG] [Fast Refresh] done in 3ms @ http://localhost:3000/_next/static/chunks/00sk_next_dist_0auxod_._.js:776
[  487402ms] ReferenceError: Environment is not defined
    at BoxScene (http://localhost:3000/_next/static/chunks/src_components_box_09nt9dl._.js?id=%255Bproject%255D/src/components/box/BoxScene.tsx+%255Bapp-client%255D+(ecmascript):98:331)
    at Object.react_stack_bottom_frame (http://localhost:3000/_next/static/chunks/00sk_next_dist_compiled_react-dom_1luopfz._.js:14894:24)
    at renderWithHooks (http://localhost:3000/_next/static/chunks/00sk_next_dist_compiled_react-dom_1luopfz._.js:4425:24)
    at updateFunctionComponent (http://localhost:3000/_next/static/chunks/00sk_next_dist_compiled_react-dom_1luopfz._.js:5892:21)
    at beginWork (http://localhost:3000/_next/static/chunks/00sk_next_dist_compiled_react-dom_1luopfz._.js:6518:24)
    at runWithFiberInDEV (http://localhost:3000/_next/static/chunks/00sk_next_dist_compiled_react-dom_1luopfz._.js:761:74)
    at performUnitOfWork (http://localhost:3000/_next/static/chunks/00sk_next_dist_compiled_react-dom_1luopfz._.js:9385:97)
    at workLoopSync (http://localhost:3000/_next/static/chunks/00sk_next_dist_compiled_react-dom_1luopfz._.js:9279:40)
    at renderRootSync (http://localhost:3000/_next/static/chunks/00sk_next_dist_compiled_react-dom_1luopfz._.js:9263:13)
    at performWorkOnRoot (http://localhost:3000/_next/static/chunks/00sk_next_dist_compiled_react-dom_1luopfz._.js:8928:47)
    at performWorkOnRootViaSchedulerTask (http://localhost:3000/_next/static/chunks/00sk_next_dist_compiled_react-dom_1luopfz._.js:10085:9)
    at MessagePort.performWorkUntilDeadline (http://localhost:3000/_next/static/chunks/00sk_next_dist_compiled_1vw5i8t._.js:2647:64)
[  487512ms] [LOG] [Fast Refresh] done in 3ms @ http://localhost:3000/_next/static/chunks/00sk_next_dist_0auxod_._.js:776
[  487920ms] [LOG] THREE.WebGLRenderer: Context Lost. @ http://localhost:3000/_next/static/chunks/00sk_next_dist_0auxod_._.js:776
[  502943ms] [LOG] [Fast Refresh] rebuilding @ http://localhost:3000/_next/static/chunks/00sk_next_dist_0auxod_._.js:776
[  502944ms] [WARNING] [Fast Refresh] performing full reload because your application had an unrecoverable error @ http://localhost:3000/_next/static/chunks/00sk_next_dist_0auxod_._.js:776
[  503083ms] [WARNING] THREE.Clock: This module has been deprecated. Please use THREE.Timer instead. @ http://localhost:3000/_next/static/chunks/00sk_next_dist_0auxod_._.js:776
[  503118ms] [LOG] [Fast Refresh] done in 5ms @ http://localhost:3000/_next/static/chunks/00sk_next_dist_0auxod_._.js:776
[  503680ms] [INFO] %cDownload the React DevTools for a better development experience: https://react.dev/link/react-devtools font-weight:bold @ http://localhost:3000/_next/static/chunks/00sk_next_dist_0auxod_._.js:776
[  503702ms] [LOG] [HMR] connected @ http://localhost:3000/_next/static/chunks/00sk_next_dist_0auxod_._.js:776
[  504179ms] [WARNING] THREE.Clock: This module has been deprecated. Please use THREE.Timer instead. @ http://localhost:3000/_next/static/chunks/00sk_next_dist_0auxod_._.js:776
[  517112ms] [LOG] [Fast Refresh] rebuilding @ http://localhost:3000/_next/static/chunks/00sk_next_dist_0auxod_._.js:776
[  517257ms] [LOG] [Fast Refresh] done in 21ms @ http://localhost:3000/_next/static/chunks/00sk_next_dist_0auxod_._.js:776
[  517733ms] [LOG] THREE.WebGLRenderer: Context Lost. @ http://localhost:3000/_next/static/chunks/00sk_next_dist_0auxod_._.js:776
[  533342ms] [LOG] [Fast Refresh] done in 21ms @ http://localhost:3000/_next/static/chunks/00sk_next_dist_0auxod_._.js:776
[  533386ms] [LOG] [Fast Refresh] done in 21ms @ http://localhost:3000/_next/static/chunks/00sk_next_dist_0auxod_._.js:776
[  533819ms] [LOG] [Fast Refresh] done in 21ms @ http://localhost:3000/_next/static/chunks/00sk_next_dist_0auxod_._.js:776
[  534715ms] [LOG] [Fast Refresh] done in 21ms @ http://localhost:3000/_next/static/chunks/00sk_next_dist_0auxod_._.js:776
[  538711ms] [LOG] [Fast Refresh] done in 21ms @ http://localhost:3000/_next/static/chunks/00sk_next_dist_0auxod_._.js:776
